// Jest Snapshot v1, https://jestjs.io/docs/snapshot-testing

exports[`DecoratorGenerator Complete Snapshot Tests should generate correct decorator structure (snapshot): complete-decorator-example 1`] = `
"import { applyDecorators } from "@nestjs/common";
import { ApiBody, ApiOperation, ApiParam, ApiQuery, ApiResponse } from "@nestjs/swagger";
import { JwtDecorator } from "../common/decorators/auth/jwt.decorator";
import { UpdateUserDto } from "../dtos/UpdateUserDto.dto";
import { User } from "../dtos/User.dto";

export function UpdateUserEndpoint() {
    return applyDecorators(
      ApiOperation({"summary":"Update a user","description":"Update user details by ID"}),
      JwtDecorator(),
      ApiResponse({ status: 200, type: User, isArray: false }),
      ApiBody({ type: UpdateUserDto }),
      ApiParam({ name: 'userId', type: Number }),
      ApiQuery({ name: 'includeProfile', required: false, type: String })
    );
}
"
`;

exports[`DecoratorGenerator Real-World Fixtures should handle Petstore API fixture: petstore-decorators 1`] = `
"import { applyDecorators } from "@nestjs/common";
import { ApiBody, ApiOperation, ApiParam, ApiQuery, ApiResponse } from "@nestjs/swagger";
import { NewPet } from "../dtos/NewPet.dto";
import { Pet } from "../dtos/Pet.dto";

export function ListPetsEndpoint() {
    return applyDecorators(
      ApiOperation({"summary":"List all pets","description":""}),
      ApiResponse({ status: 200, type: Pet, isArray: true }),
      ApiQuery({ name: 'limit', required: false, type: Number }),
      ApiQuery({ name: 'status', required: false, type: String })
    );
}

export function CreatePetEndpoint() {
    return applyDecorators(
      ApiOperation({"summary":"Create a pet","description":""}),
      ApiResponse({ status: 200, type: Pet, isArray: false }),
      ApiBody({ type: NewPet })
    );
}

export function GetPetByIdEndpoint() {
    return applyDecorators(
      ApiOperation({"summary":"Get a pet by ID","description":""}),
      ApiResponse({ status: 200, type: Pet, isArray: false }),
      ApiParam({ name: 'petId', type: Number })
    );
}

export function UpdatePetEndpoint() {
    return applyDecorators(
      ApiOperation({"summary":"Update a pet","description":""}),
      ApiResponse({ status: 200, type: Pet, isArray: false }),
      ApiBody({ type: NewPet }),
      ApiParam({ name: 'petId', type: Number })
    );
}

export function DeletePetEndpoint() {
    return applyDecorators(
      ApiOperation({"summary":"Delete a pet","description":""}),
      ApiResponse({ status: 200, description: 'Success' }),
      ApiParam({ name: 'petId', type: Number })
    );
}
"
`;
